#
# There is insufficient memory for the Java Runtime Environment to continue.
# Native memory allocation (mmap) failed to map 266338304 bytes for G1 virtual space
# Possible reasons:
#   The system is out of physical RAM or swap space
#   The process is running with CompressedOops enabled, and the Java Heap may be blocking the growth of the native heap
# Possible solutions:
#   Reduce memory load on the system
#   Increase physical memory or swap space
#   Check if swap backing store is full
#   Decrease Java heap size (-Xmx/-Xms)
#   Decrease number of Java threads
#   Decrease Java thread stack sizes (-Xss)
#   Set larger code cache with -XX:ReservedCodeCacheSize=
#   JVM is running with Zero Based Compressed Oops mode in which the Java heap is
#     placed in the first 32GB address space. The Java Heap base address is the
#     maximum limit for the native heap growth. Please use -XX:HeapBaseMinAddress
#     to set the Java Heap base and to place the Java Heap above 32GB virtual address.
# This output file may be truncated or incomplete.
#
#  Out of Memory Error (os_windows.cpp:3825), pid=17292, tid=34532
#
# JRE version:  (17.0.9+7) (build )
# Java VM: OpenJDK 64-Bit Server VM (17.0.9+7-b1000.46, mixed mode, sharing, tiered, compressed oops, compressed class ptrs, g1 gc, windows-amd64)
# No core dump will be written. Minidumps are not enabled by default on client versions of Windows
#

---------------  S U M M A R Y ------------

Command Line: git4idea.http.GitAskPassApp Username for 'http://git.dev.tseveryday.com': 

Host: 11th Gen Intel(R) Core(TM) i5-1135G7 @ 2.40GHz, 8 cores, 15G,  Windows 10 , 64 bit Build 19041 (10.0.19041.3031)
Time: Fri Jan  3 15:23:17 2025  Windows 10 , 64 bit Build 19041 (10.0.19041.3031) elapsed time: 0.012101 seconds (0d 0h 0m 0s)

---------------  T H R E A D  ---------------

Current thread (0x0000018616b9c730):  JavaThread "Unknown thread" [_thread_in_vm, id=34532, stack(0x000000779e600000,0x000000779e700000)]

Stack: [0x000000779e600000,0x000000779e700000]
Native frames: (J=compiled Java code, j=interpreted, Vv=VM code, C=native code)
V  [jvm.dll+0x6886e9]
V  [jvm.dll+0x841e4a]
V  [jvm.dll+0x843a8e]
V  [jvm.dll+0x8440f3]
V  [jvm.dll+0x24c14f]
V  [jvm.dll+0x685499]
V  [jvm.dll+0x679c2a]
V  [jvm.dll+0x30cf9b]
V  [jvm.dll+0x314446]
V  [jvm.dll+0x36425e]
V  [jvm.dll+0x36448f]
V  [jvm.dll+0x2e2d68]
V  [jvm.dll+0x2e3cd4]
V  [jvm.dll+0x8129f1]
V  [jvm.dll+0x3720c1]
V  [jvm.dll+0x7f152c]
V  [jvm.dll+0x3f5d4f]
V  [jvm.dll+0x3f7981]
C  [jli.dll+0x528f]
C  [ucrtbase.dll+0x21bb2]
C  [KERNEL32.DLL+0x17614]
C  [ntdll.dll+0x526f1]


---------------  P R O C E S S  ---------------

Threads class SMR info:
_java_thread_list=0x00007ff9082aef18, length=0, elements={
}

Java Threads: ( => current thread )

Other Threads:
  0x0000018616be8b40 GCTaskThread "GC Thread#0" [stack: 0x000000779e700000,0x000000779e800000] [id=31612]
  0x0000018632c40a70 ConcurrentGCThread "G1 Main Marker" [stack: 0x000000779e800000,0x000000779e900000] [id=25768]
  0x0000018616bf91f0 ConcurrentGCThread "G1 Conc#0" [stack: 0x000000779e900000,0x000000779ea00000] [id=34920]

[error occurred during error reporting (printing all threads), id 0xc0000005, EXCEPTION_ACCESS_VIOLATION (0xc0000005) at pc=0x00007ff907a63937]

VM state: not at safepoint (not fully initialized)

VM Mutex/Monitor currently owned by a thread:  ([mutex/lock_event])
[0x0000018616b96e40] Heap_lock - owner thread: 0x0000018616b9c730

Heap address: 0x0000000703600000, size: 4042 MB, Compressed Oops mode: Zero based, Oop shift amount: 3

CDS archive(s) mapped at: [0x0000000000000000-0x0000000000000000-0x0000000000000000), size 0, SharedBaseAddress: 0x0000000800000000, ArchiveRelocationMode: 1.
Narrow klass base: 0x0000000000000000, Narrow klass shift: 0, Narrow klass range: 0x0

GC Precious Log:
<Empty>

Heap:
 garbage-first heap   total 0K, used 0K [0x0000000703600000, 0x0000000800000000)
  region size 2048K, 0 young (0K), 0 survivors (0K)
 Metaspace       used 0K, committed 0K, reserved 0K
  class space    used 0K, committed 0K, reserved 0K

Heap Regions: E=young(eden), S=young(survivor), O=old, HS=humongous(starts), HC=humongous(continues), CS=collection set, F=free, OA=open archive, CA=closed archive, TAMS=top-at-mark-start (previous, next)

Card table byte_map: [0x0000018629de0000,0x000001862a5d0000] _byte_map_base: 0x00000186265c5000

Marking Bits (Prev, Next): (CMBitMap*) 0x0000018632c403b0, (CMBitMap*) 0x0000018632c403f0
 Prev Bits: [0x000001862adc0000, 0x000001862ece8000)
 Next Bits: [0x000001862ecf0000, 0x0000018632c18000)

GC Heap History (0 events):
No events

Dll operation events (1 events):
Event: 0.008 Loaded shared library E:\software\IntelliJ IDEA 2023.2.5\jbr\bin\java.dll

Deoptimization events (0 events):
No events

Classes unloaded (0 events):
No events

Classes redefined (0 events):
No events

Internal exceptions (0 events):
No events

VM Operations (0 events):
No events

Events (0 events):
No events


Dynamic libraries:
0x00007ff7f69b0000 - 0x00007ff7f69ba000 	E:\software\IntelliJ IDEA 2023.2.5\jbr\bin\java.exe
0x00007ff943e10000 - 0x00007ff944008000 	C:\Windows\SYSTEM32\ntdll.dll
0x00007ff943a00000 - 0x00007ff943abf000 	C:\Windows\System32\KERNEL32.DLL
0x00007ff9417b0000 - 0x00007ff941aa6000 	C:\Windows\System32\KERNELBASE.dll
0x00007ff93a830000 - 0x00007ff93ae93000 	C:\Windows\System32\tsafedoc64.dll
0x00007ff9438e0000 - 0x00007ff94394b000 	C:\Windows\System32\WS2_32.dll
0x00007ff9432e0000 - 0x00007ff943406000 	C:\Windows\System32\RPCRT4.dll
0x00007ff942a40000 - 0x00007ff942bdd000 	C:\Windows\System32\USER32.dll
0x00007ff9414f0000 - 0x00007ff941512000 	C:\Windows\System32\win32u.dll
0x00007ff943ac0000 - 0x00007ff943aec000 	C:\Windows\System32\GDI32.dll
0x00007ff941c10000 - 0x00007ff941d25000 	C:\Windows\System32\gdi32full.dll
0x00007ff941da0000 - 0x00007ff941e3d000 	C:\Windows\System32\msvcp_win.dll
0x00007ff941570000 - 0x00007ff941670000 	C:\Windows\System32\ucrtbase.dll
0x00007ff943950000 - 0x00007ff9439ff000 	C:\Windows\System32\ADVAPI32.dll
0x00007ff942c40000 - 0x00007ff942cde000 	C:\Windows\System32\msvcrt.dll
0x00007ff943410000 - 0x00007ff9434ac000 	C:\Windows\System32\sechost.dll
0x00007ff93bf00000 - 0x00007ff93bf9d000 	C:\Windows\SYSTEM32\WINSPOOL.DRV
0x00007ff9421d0000 - 0x00007ff942914000 	C:\Windows\System32\SHELL32.dll
0x00007ff943ca0000 - 0x00007ff943dca000 	C:\Windows\System32\ole32.dll
0x00007ff941e70000 - 0x00007ff9421c4000 	C:\Windows\System32\combase.dll
0x00007ff943680000 - 0x00007ff94374d000 	C:\Windows\System32\OLEAUT32.dll
0x00007ff93c580000 - 0x00007ff93c59d000 	C:\Windows\SYSTEM32\MPR.dll
0x00007ff943210000 - 0x00007ff9432bd000 	C:\Windows\System32\shcore.dll
0x00007ff93dd90000 - 0x00007ff93dd9a000 	C:\Windows\SYSTEM32\VERSION.dll
0x00007ff937970000 - 0x00007ff937987000 	E:\software\IntelliJ IDEA 2023.2.5\jbr\bin\jli.dll
0x00007ff9310e0000 - 0x00007ff9310fb000 	E:\software\IntelliJ IDEA 2023.2.5\jbr\bin\VCRUNTIME140.dll
0x00007ff9183f0000 - 0x00007ff91868a000 	C:\Windows\WinSxS\amd64_microsoft.windows.common-controls_6595b64144ccf1df_6.0.19041.1110_none_60b5254171f9507e\COMCTL32.dll
0x00007ff9438b0000 - 0x00007ff9438e0000 	C:\Windows\System32\IMM32.DLL
0x00007ff93c2d0000 - 0x00007ff93c531000 	C:\Windows\System32\DtFrame64.dll
0x00007ff93b420000 - 0x00007ff93b565000 	C:\Windows\SYSTEM32\TMailHook64.dll
0x00007ff93bb20000 - 0x00007ff93bc47000 	C:\Windows\SYSTEM32\DtsFrame64.dll
0x00007ff909690000 - 0x00007ff9096b6000 	C:\Windows\SYSTEM32\hlink.dll
0x00007ff9429e0000 - 0x00007ff942a35000 	C:\Windows\System32\SHLWAPI.dll
0x00007ff932800000 - 0x00007ff932ab1000 	C:\Windows\SYSTEM32\iertutil.dll
0x00007ff943200000 - 0x00007ff943208000 	C:\Windows\System32\psapi.dll
0x00007ff930a50000 - 0x00007ff930a5c000 	E:\software\IntelliJ IDEA 2023.2.5\jbr\bin\vcruntime140_1.dll
0x00007ff8e2fe0000 - 0x00007ff8e306d000 	E:\software\IntelliJ IDEA 2023.2.5\jbr\bin\msvcp140.dll
0x00007ff907770000 - 0x00007ff9083f3000 	E:\software\IntelliJ IDEA 2023.2.5\jbr\bin\server\jvm.dll
0x00007ff940ab0000 - 0x00007ff940afb000 	C:\Windows\SYSTEM32\POWRPROF.dll
0x00007ff939430000 - 0x00007ff939439000 	C:\Windows\SYSTEM32\WSOCK32.dll
0x00007ff93c550000 - 0x00007ff93c577000 	C:\Windows\SYSTEM32\WINMM.dll
0x00007ff940920000 - 0x00007ff940932000 	C:\Windows\SYSTEM32\UMPDC.dll
0x00007ff93fd30000 - 0x00007ff93fd42000 	C:\Windows\SYSTEM32\kernel.appcore.dll
0x00007ff939420000 - 0x00007ff93942a000 	E:\software\IntelliJ IDEA 2023.2.5\jbr\bin\jimage.dll
0x00007ff93f890000 - 0x00007ff93fa74000 	C:\Windows\SYSTEM32\DBGHELP.DLL
0x00007ff932710000 - 0x00007ff932744000 	C:\Windows\SYSTEM32\dbgcore.DLL
0x00007ff941720000 - 0x00007ff9417a2000 	C:\Windows\System32\bcryptPrimitives.dll
0x00007ff936500000 - 0x00007ff936525000 	E:\software\IntelliJ IDEA 2023.2.5\jbr\bin\java.dll

dbghelp: loaded successfully - version: 4.0.5 - missing functions: none
symbol engine: initialized successfully - sym options: 0x614 - pdb path: .;E:\software\IntelliJ IDEA 2023.2.5\jbr\bin;C:\Windows\SYSTEM32;C:\Windows\WinSxS\amd64_microsoft.windows.common-controls_6595b64144ccf1df_6.0.19041.1110_none_60b5254171f9507e;E:\software\IntelliJ IDEA 2023.2.5\jbr\bin\server

VM Arguments:
java_command: git4idea.http.GitAskPassApp Username for 'http://git.dev.tseveryday.com': 
java_class_path (initial): E:/software/IntelliJ IDEA 2023.2.5/plugins/vcs-git/lib/git4idea-rt.jar;E:/software/IntelliJ IDEA 2023.2.5/lib/externalProcess-rt.jar
Launcher Type: SUN_STANDARD

[Global flags]
     intx CICompilerCount                          = 4                                         {product} {ergonomic}
     uint ConcGCThreads                            = 2                                         {product} {ergonomic}
     uint G1ConcRefinementThreads                  = 8                                         {product} {ergonomic}
   size_t G1HeapRegionSize                         = 2097152                                   {product} {ergonomic}
    uintx GCDrainStackTargetSize                   = 64                                        {product} {ergonomic}
   size_t InitialHeapSize                          = 266338304                                 {product} {ergonomic}
   size_t MarkStackSize                            = 4194304                                   {product} {ergonomic}
   size_t MaxHeapSize                              = 4238344192                                {product} {ergonomic}
   size_t MinHeapDeltaBytes                        = 2097152                                   {product} {ergonomic}
   size_t MinHeapSize                              = 8388608                                   {product} {ergonomic}
    uintx NonNMethodCodeHeapSize                   = 5839372                                {pd product} {ergonomic}
    uintx NonProfiledCodeHeapSize                  = 122909434                              {pd product} {ergonomic}
    uintx ProfiledCodeHeapSize                     = 122909434                              {pd product} {ergonomic}
    uintx ReservedCodeCacheSize                    = 251658240                              {pd product} {ergonomic}
     bool SegmentedCodeCache                       = true                                      {product} {ergonomic}
   size_t SoftMaxHeapSize                          = 4238344192                             {manageable} {ergonomic}
     bool UseCompressedClassPointers               = true                           {product lp64_product} {ergonomic}
     bool UseCompressedOops                        = true                           {product lp64_product} {ergonomic}
     bool UseG1GC                                  = true                                      {product} {ergonomic}
     bool UseLargePagesIndividualAllocation        = false                                  {pd product} {ergonomic}

Logging:
Log output configuration:
 #0: stdout all=warning uptime,level,tags
 #1: stderr all=off uptime,level,tags

Environment Variables:
JAVA_HOME=E:\software\Java11\jdk-11.0.8
CLASSPATH=.;E:\software\Java11\jdk-11.0.8\lib;E:\software\Java11\jdk-11.0.8\lib\tools.jar
PATH=C:\Program Files\Git\mingw64\libexec\git-core;C:\Program Files\Git\mingw64\libexec\git-core;C:\Program Files\Git\mingw64\bin;C:\Program Files\Git\usr\bin;C:\Users\everyday\bin;C:\Program Files\Common Files\Oracle\Java\javapath;C:\Program Files (x86)\Common Files\Oracle\Java\javapath;C:\Windows\system32;C:\Windows;C:\Windows\System32\Wbem;C:\Windows\System32\WindowsPowerShell\v1.0;C:\Windows\System32\OpenSSH;C:\Program Files\dotnet;C:\Program Files (x86)\NVIDIA Corporation\PhysX\Common;C:\Program Files\NVIDIA Corporation\NVIDIA NvDLISR;E:\software\Java11\jdk-11.0.8\bin;C:\Program Files\Git\cmd;C:\Users\everyday\AppData\Local\Microsoft\WindowsApps
USERNAME=everyday
DISPLAY=:0.0
LC_ALL=en_US.UTF-8
TERM=xterm-256color
TMPDIR=C:\Users\everyday\AppData\Local\Temp
OS=Windows_NT
PROCESSOR_IDENTIFIER=Intel64 Family 6 Model 140 Stepping 1, GenuineIntel
TMP=C:\Users\everyday\AppData\Local\Temp
TEMP=C:\Users\everyday\AppData\Local\Temp



Periodic native trim disabled

JNI global refs:
JNI global refs: 0, weak refs: 0

JNI global refs memory usage: 0, weak refs: 0

OOME stack traces (most recent first):
Classloader memory used:


---------------  S Y S T E M  ---------------

OS:
 Windows 10 , 64 bit Build 19041 (10.0.19041.3031)
OS uptime: 41 days 19:10 hours

CPU: total 8 (initial active 8) (4 cores per cpu, 2 threads per core) family 6 model 140 stepping 1 microcode 0xa4, cx8, cmov, fxsr, ht, mmx, 3dnowpref, sse, sse2, sse3, ssse3, sse4.1, sse4.2, popcnt, lzcnt, tsc, tscinvbit, avx, avx2, aes, erms, clmul, bmi1, bmi2, adx, avx512f, avx512dq, avx512cd, avx512bw, avx512vl, sha, fma, vzeroupper, avx512_vpopcntdq, avx512_vpclmulqdq, avx512_vaes, avx512_vnni, clflush, clflushopt, clwb, avx512_vbmi2, avx512_vbmi
Processor Information for all 8 processors :
  Max Mhz: 2419, Current Mhz: 2419, Mhz Limit: 2419

Memory: 4k page, system-wide physical 16167M (862M free)
TotalPageFile size 42592M (AvailPageFile size 58M)
current process WorkingSet (physical memory assigned to process): 20M, peak: 20M
current process commit charge ("private bytes"): 63M, peak: 317M

vm_info: OpenJDK 64-Bit Server VM (17.0.9+7-b1000.46) for windows-amd64 JRE (17.0.9+7-b1000.46), built on 2023-10-27 by "builduser" with MS VC++ 16.10 / 16.11 (VS2019)

END.
